
> cinecraft-ai-desktop@1.0.0 build
> tsc && vite build

vite v5.4.21 building for production...
transforming...
✓ 1547 modules transformed.
rendering chunks...
computing gzip size...
dist/index.html                   0.50 kB │ gzip:  0.34 kB
dist/assets/index-gKBQ2b_i.css   38.63 kB │ gzip:  7.00 kB
dist/assets/index-BJZwadzz.js   263.80 kB │ gzip: 77.29 kB
✓ built in 3.81s
